=== identity @ 2a1a7ab7fb919c436e210c2804dd615e2d80626a ===
first <nil>
persist <nil>
history 1 chat:current_turn:0:9d9cf6283341a656
second <nil> history 2
chat:current_turn:0:9d9cf6283341a656 yes
chat:current_turn:1:9d9cf6283341a656 yes
persist2 <nil> 2
third after trimming oldest contexty: compile request: contexty: duplicate message id in compile request
different images same generated ID true

=== compile @ 2a1a7ab7fb919c436e210c2804dd615e2d80626a ===
segment="memroy" policy="append" err=<nil> calls=1 payload=[{21d0731bd2e6989c596fb12fea110bac system <nil> [{OLD RULE}] {<nil>} [] [] <nil> <nil> <nil>}] prepared_segments=[memory history memroy]
segment="memory" policy="replcae" err=<nil> calls=1 payload=[{e0b3e9c5a3a6dbb37f1e1f50b6df78aa system <nil> [{OLD RULE}] {<nil>} [] [] <nil> <nil> <nil>} {7fa8f29bf5e3fd828d765491d0c3f531 system <nil> [{NEW RULE}] {<nil>} [] [] <nil> <nil> <nil>}] prepared_segments=[memory history]
role projection err=<nil> called=1 roles=system user 

=== materialization @ 2a1a7ab7fb919c436e210c2804dd615e2d80626a ===
pointer=false err=contexty: invalid artifact materialization payload={System:[] History:[] Tools:[] Memory:[]}
pointer=true err=<nil> payload={System:[] History:[] Tools:[] Memory:[{ID:artifact:data Role:assistant Actor:<nil> Parts:[{ID:call Name:execute Arguments:{Text:{} Data:null Binary:[] MIMEType: Error:<nil> Progress:<nil> Control:<nil>} ArgumentsBlob:<nil>}] Annotations:{Timestamp:<nil>} SourceRefs:[] Extensions:[] Origin:<nil> LLMCache:<nil> Provenance:<nil>}]}

=== views @ 2a1a7ab7fb919c436e210c2804dd615e2d80626a ===
custom_called=false out="user: ORIGINAL\n" err=<nil>

=== arch @ 2a1a7ab7fb919c436e210c2804dd615e2d80626a ===
budget("history"): history=0 memory=1 err=<nil>
budget("memory"): history=0 memory=1 err=<nil>
budget("typo"): history=0 memory=1 err=<nil>
provenance: err=<nil> encoding_error=<nil> reencoded={"type_id":"system","payload":{"component":"service"}}

Baseline F03/F04/F05/F11/F12 behavioral assertions PASS
