=== RUN   TestClassifyRedisErr
=== PAUSE TestClassifyRedisErr
=== RUN   TestStoreClusterIntegration
2026/10/06 15:41:44 github.com/testcontainers/testcontainers-go - Connected to docker: 
  Server Version: 29.6.1
  API Version: 1.55
  Operating System: Docker Desktop
  Total Memory: 32043 MB
  Labels:
    com.docker.desktop.address=unix:///Users/skosovsky/Library/Containers/com.docker.docker/Data/docker-cli.sock
  Testcontainers for Go Version: v0.44.0
  Resolved Docker Host: unix:///var/run/docker.sock
  Resolved Docker Socket Path: /var/run/docker.sock
  Test SessionID: db1b6729-43ce-43a9-b020-b9944d5bcce3
  Test ProcessID: bbc089dd-fce5-4eb8-ba84-eda45bd62964
2026/10/06 15:41:44 🐳 Creating container for image redis:7-alpine
2026/10/06 15:41:44 🐳 Creating container for image testcontainers/ryuk:0.14.0
2026/10/06 15:41:44 ✅ Container created: 97623b6445f1
2026/10/06 15:41:44 🐳 Starting container: 97623b6445f1
2026/10/06 15:41:44 ✅ Container started: 97623b6445f1
2026/10/06 15:41:44 ⏳ Waiting for container id 97623b6445f1 image: testcontainers/ryuk:0.14.0. Waiting for: all of: [log message "Started", port 8080/tcp to be listening]
2026/10/06 15:41:45 Shell not found in container
2026/10/06 15:41:45 🔔 Container is ready: 97623b6445f1
2026/10/06 15:41:45 ✅ Container created: 260a3777608f
2026/10/06 15:41:45 🐳 Starting container: 260a3777608f
2026/10/06 15:41:45 ✅ Container started: 260a3777608f
2026/10/06 15:41:45 ⏳ Waiting for container id 260a3777608f image: redis:7-alpine. Waiting for: all of: [log message "cluster-ready", port 7000/tcp to be mapped, port 7001/tcp to be mapped, port 7002/tcp to be mapped]
2026/10/06 15:41:47 🔔 Container is ready: 260a3777608f
=== RUN   TestStoreClusterIntegration/ordinary
=== RUN   TestStoreClusterIntegration/{ordinary}
=== RUN   TestStoreClusterIntegration/用户:Δ
=== RUN   TestStoreClusterIntegration/a:b
=== RUN   TestStoreClusterIntegration/a}{b
=== RUN   TestStoreClusterIntegration/#00
2026/10/06 15:41:48 🐳 Stopping container: 260a3777608f
2026/10/06 15:41:58 ✅ Container stopped: 260a3777608f
2026/10/06 15:41:58 🐳 Terminating container: 260a3777608f
2026/10/06 15:41:58 🚫 Container terminated: 260a3777608f
--- PASS: TestStoreClusterIntegration (13.98s)
    --- PASS: TestStoreClusterIntegration/ordinary (0.15s)
    --- PASS: TestStoreClusterIntegration/{ordinary} (0.07s)
    --- PASS: TestStoreClusterIntegration/用户:Δ (0.03s)
    --- PASS: TestStoreClusterIntegration/a:b (0.03s)
    --- PASS: TestStoreClusterIntegration/a}{b (0.05s)
    --- PASS: TestStoreClusterIntegration/#00 (0.12s)
=== RUN   TestIsRedisConflict
=== PAUSE TestIsRedisConflict
=== RUN   TestStoreIntegration
2026/10/06 15:41:58 🐳 Creating container for image redis:7-alpine
2026/10/06 15:41:58 ✅ Container created: 739f69a95e03
2026/10/06 15:41:58 🐳 Starting container: 739f69a95e03
2026/10/06 15:41:58 ✅ Container started: 739f69a95e03
2026/10/06 15:41:58 ⏳ Waiting for container id 739f69a95e03 image: redis:7-alpine. Waiting for: all of: [port 6379/tcp to be listening, log message "* Ready to accept connections"]
2026/10/06 15:41:59 🔔 Container is ready: 739f69a95e03
=== RUN   TestStoreIntegration/positive_submillisecond_live_PTTL
=== RUN   TestStoreIntegration/exhausted_revision
=== RUN   TestStoreIntegration/write_permission_failure_is_atomic
=== RUN   TestStoreIntegration/write_permission_failure_is_atomic/-mset
=== RUN   TestStoreIntegration/write_permission_failure_is_atomic/-pexpire
=== RUN   TestStoreIntegration/fixture_OCC_conformance
=== RUN   TestStoreIntegration/fixture_expiry_conformance
=== RUN   TestStoreIntegration/fixture_exact_large_OCC_revision
=== RUN   TestStoreIntegration/empty_load
=== RUN   TestStoreIntegration/append_segment
=== RUN   TestStoreIntegration/update_segment
=== RUN   TestStoreIntegration/apply_delta_state_and_OCC
=== RUN   TestStoreIntegration/ttl_enabled
=== RUN   TestStoreIntegration/stale_version_conflict
=== RUN   TestStoreIntegration/clear_creates_empty_OCC_tombstone_on_missing_thread
=== RUN   TestStoreIntegration/clear_stale_version_conflict
=== RUN   TestStoreIntegration/version_without_payload_returns_unavailable
=== RUN   TestStoreIntegration/clear_and_isolation
=== RUN   TestStoreIntegration/semantic_round_trip
=== RUN   TestStoreIntegration/expanded_semantic_round_trip
2026/10/06 15:41:59 🐳 Stopping container: 739f69a95e03
2026/10/06 15:41:59 ✅ Container stopped: 739f69a95e03
2026/10/06 15:41:59 🐳 Terminating container: 739f69a95e03
2026/10/06 15:41:59 🚫 Container terminated: 739f69a95e03
--- PASS: TestStoreIntegration (1.29s)
    --- PASS: TestStoreIntegration/positive_submillisecond_live_PTTL (0.05s)
    --- PASS: TestStoreIntegration/exhausted_revision (0.01s)
    --- PASS: TestStoreIntegration/write_permission_failure_is_atomic (0.07s)
        --- PASS: TestStoreIntegration/write_permission_failure_is_atomic/-mset (0.05s)
        --- PASS: TestStoreIntegration/write_permission_failure_is_atomic/-pexpire (0.02s)
    --- PASS: TestStoreIntegration/fixture_OCC_conformance (0.03s)
    --- PASS: TestStoreIntegration/fixture_expiry_conformance (0.01s)
    --- PASS: TestStoreIntegration/fixture_exact_large_OCC_revision (0.01s)
    --- PASS: TestStoreIntegration/empty_load (0.00s)
    --- PASS: TestStoreIntegration/append_segment (0.01s)
    --- PASS: TestStoreIntegration/update_segment (0.00s)
    --- PASS: TestStoreIntegration/apply_delta_state_and_OCC (0.00s)
    --- PASS: TestStoreIntegration/ttl_enabled (0.00s)
    --- PASS: TestStoreIntegration/stale_version_conflict (0.00s)
    --- PASS: TestStoreIntegration/clear_creates_empty_OCC_tombstone_on_missing_thread (0.00s)
    --- PASS: TestStoreIntegration/clear_stale_version_conflict (0.00s)
    --- PASS: TestStoreIntegration/version_without_payload_returns_unavailable (0.00s)
    --- PASS: TestStoreIntegration/clear_and_isolation (0.01s)
    --- PASS: TestStoreIntegration/semantic_round_trip (0.00s)
    --- PASS: TestStoreIntegration/expanded_semantic_round_trip (0.02s)
=== RUN   TestRemediation_TTLWireCeiling
--- PASS: TestRemediation_TTLWireCeiling (0.00s)
=== CONT  TestIsRedisConflict
--- PASS: TestIsRedisConflict (0.00s)
=== CONT  TestClassifyRedisErr
=== RUN   TestClassifyRedisErr/nil
=== PAUSE TestClassifyRedisErr/nil
=== RUN   TestClassifyRedisErr/history_conflict_unchanged
=== PAUSE TestClassifyRedisErr/history_conflict_unchanged
=== RUN   TestClassifyRedisErr/context_canceled_unchanged
=== PAUSE TestClassifyRedisErr/context_canceled_unchanged
=== RUN   TestClassifyRedisErr/deadline_exceeded_wraps_unavailable
=== PAUSE TestClassifyRedisErr/deadline_exceeded_wraps_unavailable
=== RUN   TestClassifyRedisErr/net_timeout_wraps_unavailable
=== PAUSE TestClassifyRedisErr/net_timeout_wraps_unavailable
=== RUN   TestClassifyRedisErr/net_op_error_without_timeout_wraps_unavailable
=== PAUSE TestClassifyRedisErr/net_op_error_without_timeout_wraps_unavailable
=== RUN   TestClassifyRedisErr/err_closed_wraps_unavailable
=== PAUSE TestClassifyRedisErr/err_closed_wraps_unavailable
=== RUN   TestClassifyRedisErr/err_pool_timeout_wraps_unavailable
=== PAUSE TestClassifyRedisErr/err_pool_timeout_wraps_unavailable
=== RUN   TestClassifyRedisErr/plain_error_not_unavailable
=== PAUSE TestClassifyRedisErr/plain_error_not_unavailable
=== CONT  TestClassifyRedisErr/nil
=== CONT  TestClassifyRedisErr/net_op_error_without_timeout_wraps_unavailable
=== CONT  TestClassifyRedisErr/context_canceled_unchanged
=== CONT  TestClassifyRedisErr/err_pool_timeout_wraps_unavailable
=== CONT  TestClassifyRedisErr/history_conflict_unchanged
=== CONT  TestClassifyRedisErr/err_closed_wraps_unavailable
=== CONT  TestClassifyRedisErr/plain_error_not_unavailable
=== CONT  TestClassifyRedisErr/net_timeout_wraps_unavailable
=== CONT  TestClassifyRedisErr/deadline_exceeded_wraps_unavailable
--- PASS: TestClassifyRedisErr (0.00s)
    --- PASS: TestClassifyRedisErr/nil (0.00s)
    --- PASS: TestClassifyRedisErr/context_canceled_unchanged (0.00s)
    --- PASS: TestClassifyRedisErr/net_op_error_without_timeout_wraps_unavailable (0.00s)
    --- PASS: TestClassifyRedisErr/history_conflict_unchanged (0.00s)
    --- PASS: TestClassifyRedisErr/err_pool_timeout_wraps_unavailable (0.00s)
    --- PASS: TestClassifyRedisErr/err_closed_wraps_unavailable (0.00s)
    --- PASS: TestClassifyRedisErr/plain_error_not_unavailable (0.00s)
    --- PASS: TestClassifyRedisErr/net_timeout_wraps_unavailable (0.00s)
    --- PASS: TestClassifyRedisErr/deadline_exceeded_wraps_unavailable (0.00s)
PASS
ok  	github.com/skosovsky/contexty/adapters/store/redis	17.196s
