=== RUN   TestClassifyRedisErr
=== PAUSE TestClassifyRedisErr
=== RUN   TestStoreClusterIntegration
2026/10/06 16:24:29 github.com/testcontainers/testcontainers-go - Connected to docker: 
  Server Version: 29.6.1
  API Version: 1.55
  Operating System: Docker Desktop
  Total Memory: 32043 MB
  Labels:
    com.docker.desktop.address=unix:///Users/skosovsky/Library/Containers/com.docker.docker/Data/docker-cli.sock
  Testcontainers for Go Version: v0.44.0
  Resolved Docker Host: unix:///var/run/docker.sock
  Resolved Docker Socket Path: /var/run/docker.sock
  Test SessionID: 474b0706-0e29-488c-b061-47cbb3fdf178
  Test ProcessID: 5c85c124-0101-4b94-8ada-22841955852f
2026/10/06 16:24:29 🐳 Creating container for image redis:7-alpine
2026/10/06 16:24:29 🐳 Creating container for image testcontainers/ryuk:0.14.0
2026/10/06 16:24:29 ✅ Container created: 8a352cd8c010
2026/10/06 16:24:29 🐳 Starting container: 8a352cd8c010
2026/10/06 16:24:30 ✅ Container started: 8a352cd8c010
2026/10/06 16:24:30 ⏳ Waiting for container id 8a352cd8c010 image: testcontainers/ryuk:0.14.0. Waiting for: all of: [log message "Started", port 8080/tcp to be listening]
2026/10/06 16:24:30 Shell not found in container
2026/10/06 16:24:30 🔔 Container is ready: 8a352cd8c010
2026/10/06 16:24:30 ✅ Container created: 6c565e38d97d
2026/10/06 16:24:30 🐳 Starting container: 6c565e38d97d
2026/10/06 16:24:30 ✅ Container started: 6c565e38d97d
2026/10/06 16:24:30 ⏳ Waiting for container id 6c565e38d97d image: redis:7-alpine. Waiting for: all of: [log message "cluster-ready", port 7000/tcp to be mapped, port 7001/tcp to be mapped, port 7002/tcp to be mapped]
2026/10/06 16:24:33 🔔 Container is ready: 6c565e38d97d
=== RUN   TestStoreClusterIntegration/ordinary
=== RUN   TestStoreClusterIntegration/{ordinary}
=== RUN   TestStoreClusterIntegration/用户:Δ
=== RUN   TestStoreClusterIntegration/a:b
=== RUN   TestStoreClusterIntegration/a}{b
=== RUN   TestStoreClusterIntegration/#00
2026/10/06 16:24:33 🐳 Stopping container: 6c565e38d97d
2026/10/06 16:24:43 ✅ Container stopped: 6c565e38d97d
2026/10/06 16:24:43 🐳 Terminating container: 6c565e38d97d
2026/10/06 16:24:43 🚫 Container terminated: 6c565e38d97d
--- PASS: TestStoreClusterIntegration (14.16s)
    --- PASS: TestStoreClusterIntegration/ordinary (0.11s)
    --- PASS: TestStoreClusterIntegration/{ordinary} (0.04s)
    --- PASS: TestStoreClusterIntegration/用户:Δ (0.02s)
    --- PASS: TestStoreClusterIntegration/a:b (0.02s)
    --- PASS: TestStoreClusterIntegration/a}{b (0.03s)
    --- PASS: TestStoreClusterIntegration/#00 (0.02s)
=== RUN   TestIsRedisConflict
=== PAUSE TestIsRedisConflict
=== RUN   TestStoreIntegration
2026/10/06 16:24:43 🐳 Creating container for image redis:7-alpine
2026/10/06 16:24:43 ✅ Container created: 08fe13d70cb8
2026/10/06 16:24:43 🐳 Starting container: 08fe13d70cb8
2026/10/06 16:24:43 ✅ Container started: 08fe13d70cb8
2026/10/06 16:24:43 ⏳ Waiting for container id 08fe13d70cb8 image: redis:7-alpine. Waiting for: all of: [port 6379/tcp to be listening, log message "* Ready to accept connections"]
2026/10/06 16:24:44 🔔 Container is ready: 08fe13d70cb8
=== RUN   TestStoreIntegration/positive_submillisecond_live_PTTL
=== RUN   TestStoreIntegration/exhausted_revision
=== RUN   TestStoreIntegration/write_permission_failure_is_atomic
=== RUN   TestStoreIntegration/write_permission_failure_is_atomic/-mset
=== RUN   TestStoreIntegration/write_permission_failure_is_atomic/-pexpire
=== RUN   TestStoreIntegration/fixture_OCC_conformance
=== RUN   TestStoreIntegration/fixture_expiry_conformance
=== RUN   TestStoreIntegration/fixture_exact_large_OCC_revision
=== RUN   TestStoreIntegration/empty_load
=== RUN   TestStoreIntegration/append_segment
=== RUN   TestStoreIntegration/update_segment
=== RUN   TestStoreIntegration/apply_delta_state_and_OCC
=== RUN   TestStoreIntegration/ttl_enabled
=== RUN   TestStoreIntegration/stale_version_conflict
=== RUN   TestStoreIntegration/clear_creates_empty_OCC_tombstone_on_missing_thread
=== RUN   TestStoreIntegration/clear_stale_version_conflict
=== RUN   TestStoreIntegration/version_without_payload_returns_unavailable
=== RUN   TestStoreIntegration/clear_and_isolation
=== RUN   TestStoreIntegration/semantic_round_trip
=== RUN   TestStoreIntegration/expanded_semantic_round_trip
2026/10/06 16:24:44 🐳 Stopping container: 08fe13d70cb8
2026/10/06 16:24:44 ✅ Container stopped: 08fe13d70cb8
2026/10/06 16:24:44 🐳 Terminating container: 08fe13d70cb8
2026/10/06 16:24:44 🚫 Container terminated: 08fe13d70cb8
--- PASS: TestStoreIntegration (0.78s)
    --- PASS: TestStoreIntegration/positive_submillisecond_live_PTTL (0.04s)
    --- PASS: TestStoreIntegration/exhausted_revision (0.01s)
    --- PASS: TestStoreIntegration/write_permission_failure_is_atomic (0.03s)
        --- PASS: TestStoreIntegration/write_permission_failure_is_atomic/-mset (0.01s)
        --- PASS: TestStoreIntegration/write_permission_failure_is_atomic/-pexpire (0.01s)
    --- PASS: TestStoreIntegration/fixture_OCC_conformance (0.03s)
    --- PASS: TestStoreIntegration/fixture_expiry_conformance (0.01s)
    --- PASS: TestStoreIntegration/fixture_exact_large_OCC_revision (0.00s)
    --- PASS: TestStoreIntegration/empty_load (0.00s)
    --- PASS: TestStoreIntegration/append_segment (0.01s)
    --- PASS: TestStoreIntegration/update_segment (0.01s)
    --- PASS: TestStoreIntegration/apply_delta_state_and_OCC (0.01s)
    --- PASS: TestStoreIntegration/ttl_enabled (0.00s)
    --- PASS: TestStoreIntegration/stale_version_conflict (0.00s)
    --- PASS: TestStoreIntegration/clear_creates_empty_OCC_tombstone_on_missing_thread (0.00s)
    --- PASS: TestStoreIntegration/clear_stale_version_conflict (0.01s)
    --- PASS: TestStoreIntegration/version_without_payload_returns_unavailable (0.00s)
    --- PASS: TestStoreIntegration/clear_and_isolation (0.03s)
    --- PASS: TestStoreIntegration/semantic_round_trip (0.01s)
    --- PASS: TestStoreIntegration/expanded_semantic_round_trip (0.01s)
=== RUN   TestRemediation_TTLWireCeiling
--- PASS: TestRemediation_TTLWireCeiling (0.00s)
=== CONT  TestIsRedisConflict
--- PASS: TestIsRedisConflict (0.00s)
=== CONT  TestClassifyRedisErr
=== RUN   TestClassifyRedisErr/nil
=== PAUSE TestClassifyRedisErr/nil
=== RUN   TestClassifyRedisErr/history_conflict_unchanged
=== PAUSE TestClassifyRedisErr/history_conflict_unchanged
=== RUN   TestClassifyRedisErr/context_canceled_unchanged
=== PAUSE TestClassifyRedisErr/context_canceled_unchanged
=== RUN   TestClassifyRedisErr/deadline_exceeded_wraps_unavailable
=== PAUSE TestClassifyRedisErr/deadline_exceeded_wraps_unavailable
=== RUN   TestClassifyRedisErr/net_timeout_wraps_unavailable
=== PAUSE TestClassifyRedisErr/net_timeout_wraps_unavailable
=== RUN   TestClassifyRedisErr/net_op_error_without_timeout_wraps_unavailable
=== PAUSE TestClassifyRedisErr/net_op_error_without_timeout_wraps_unavailable
=== RUN   TestClassifyRedisErr/err_closed_wraps_unavailable
=== PAUSE TestClassifyRedisErr/err_closed_wraps_unavailable
=== RUN   TestClassifyRedisErr/err_pool_timeout_wraps_unavailable
=== PAUSE TestClassifyRedisErr/err_pool_timeout_wraps_unavailable
=== RUN   TestClassifyRedisErr/plain_error_not_unavailable
=== PAUSE TestClassifyRedisErr/plain_error_not_unavailable
=== CONT  TestClassifyRedisErr/net_op_error_without_timeout_wraps_unavailable
=== CONT  TestClassifyRedisErr/err_pool_timeout_wraps_unavailable
=== CONT  TestClassifyRedisErr/plain_error_not_unavailable
=== CONT  TestClassifyRedisErr/err_closed_wraps_unavailable
=== CONT  TestClassifyRedisErr/net_timeout_wraps_unavailable
=== CONT  TestClassifyRedisErr/deadline_exceeded_wraps_unavailable
=== CONT  TestClassifyRedisErr/history_conflict_unchanged
=== CONT  TestClassifyRedisErr/nil
=== CONT  TestClassifyRedisErr/context_canceled_unchanged
--- PASS: TestClassifyRedisErr (0.00s)
    --- PASS: TestClassifyRedisErr/net_op_error_without_timeout_wraps_unavailable (0.00s)
    --- PASS: TestClassifyRedisErr/err_pool_timeout_wraps_unavailable (0.00s)
    --- PASS: TestClassifyRedisErr/plain_error_not_unavailable (0.00s)
    --- PASS: TestClassifyRedisErr/err_closed_wraps_unavailable (0.00s)
    --- PASS: TestClassifyRedisErr/net_timeout_wraps_unavailable (0.00s)
    --- PASS: TestClassifyRedisErr/deadline_exceeded_wraps_unavailable (0.00s)
    --- PASS: TestClassifyRedisErr/history_conflict_unchanged (0.00s)
    --- PASS: TestClassifyRedisErr/nil (0.00s)
    --- PASS: TestClassifyRedisErr/context_canceled_unchanged (0.00s)
PASS
ok  	github.com/skosovsky/contexty/adapters/store/redis	16.492s
